D:/stm32Projects/gauge/Core/Src/main.c:979:6:StartDefaultTask	1
D:/stm32Projects/gauge/Core/Src/main.c:151:6:start1	1
D:/stm32Projects/gauge/Core/Src/main.c:157:6:routine	4
D:/stm32Projects/gauge/Core/Src/main.c:997:6:StartTaskADC	1
D:/stm32Projects/gauge/Core/Src/main.c:175:6:HAL_ADC_ConvCpltCallback	1
D:/stm32Projects/gauge/Core/Src/main.c:300:6:SystemClock_Config	1
D:/stm32Projects/gauge/Core/Src/main.c:185:5:main	3
D:/stm32Projects/gauge/Core/Src/main.c:1055:6:HAL_TIM_PeriodElapsedCallback	8
D:/stm32Projects/gauge/Core/Src/main.c:1084:6:Error_Handler	1
