D:/stm32Projects/gauge/Core/Src/main.c:979:6:StartDefaultTask	8	static
D:/stm32Projects/gauge/Core/Src/main.c:151:6:start1	0	static
D:/stm32Projects/gauge/Core/Src/main.c:157:6:routine	16	static
D:/stm32Projects/gauge/Core/Src/main.c:997:6:StartTaskADC	8	static
D:/stm32Projects/gauge/Core/Src/main.c:175:6:HAL_ADC_ConvCpltCallback	0	static
D:/stm32Projects/gauge/Core/Src/main.c:300:6:SystemClock_Config	88	static
D:/stm32Projects/gauge/Core/Src/main.c:185:5:main	176	static,ignoring_inline_asm
D:/stm32Projects/gauge/Core/Src/main.c:1055:6:HAL_TIM_PeriodElapsedCallback	24	static
D:/stm32Projects/gauge/Core/Src/main.c:1084:6:Error_Handler	0	static
