D:\STM32CubeIDE_1.14.0\STM32CubeIDE\plugins\com.st.stm32cube.ide.mcu.externaltools.gnu-tools-for-stm32.11.3.rel1.win32_1.1.100.202309141235\tools\bin/../lib/gcc/arm-none-eabi/11.3.1/../../../../arm-none-eabi/include/reent.h:153:14:_sbrk_r	24	static
../Middlewares/FreeRTOS/heap_useNewlib_ST.c:205:8:sbrk	0	static
../Middlewares/FreeRTOS/heap_useNewlib_ST.c:207:8:_sbrk	0	static
D:\STM32CubeIDE_1.14.0\STM32CubeIDE\plugins\com.st.stm32cube.ide.mcu.externaltools.gnu-tools-for-stm32.11.3.rel1.win32_1.1.100.202309141235\tools\bin/../lib/gcc/arm-none-eabi/11.3.1/../../../../arm-none-eabi/include/malloc.h:136:13:__malloc_lock	0	static,ignoring_inline_asm
D:\STM32CubeIDE_1.14.0\STM32CubeIDE\plugins\com.st.stm32cube.ide.mcu.externaltools.gnu-tools-for-stm32.11.3.rel1.win32_1.1.100.202309141235\tools\bin/../lib/gcc/arm-none-eabi/11.3.1/../../../../arm-none-eabi/include/malloc.h:138:13:__malloc_unlock	0	static
../Middlewares/FreeRTOS/heap_useNewlib_ST.c:236:6:__env_lock	0	static
../Middlewares/FreeRTOS/heap_useNewlib_ST.c:237:6:__env_unlock	0	static
../Middlewares/FreeRTOS/heap_useNewlib_ST.c:246:9:__wrap_malloc	8	static
../Middlewares/FreeRTOS/heap_useNewlib_ST.c:255:9:__wrap__malloc_r	0	static
../Middlewares/FreeRTOS/heap_useNewlib_ST.c:271:7:pvPortMalloc	0	static
../Middlewares/FreeRTOS/heap_useNewlib_ST.c:275:6:vPortFree	0	static
../Middlewares/FreeRTOS/heap_useNewlib_ST.c:279:8:xPortGetFreeHeapSize	48	static
../Middlewares/FreeRTOS/heap_useNewlib_ST.c:288:6:vPortInitialiseBlocks	0	static
