D:/stm32Projects/gauge/Core/Src/main.c:981:6:StartDefaultTask	8	static
D:/stm32Projects/gauge/Core/Src/main.c:152:6:start1	0	static
D:/stm32Projects/gauge/Core/Src/main.c:158:6:routine	16	static
D:/stm32Projects/gauge/Core/Src/main.c:999:6:StartTaskADC	8	static
D:/stm32Projects/gauge/Core/Src/main.c:177:6:HAL_ADC_ConvCpltCallback	0	static
D:/stm32Projects/gauge/Core/Src/main.c:302:6:SystemClock_Config	88	static
D:/stm32Projects/gauge/Core/Src/main.c:187:5:main	176	static,ignoring_inline_asm
D:/stm32Projects/gauge/Core/Src/main.c:1057:6:HAL_TIM_PeriodElapsedCallback	24	static
D:/stm32Projects/gauge/Core/Src/main.c:1086:6:Error_Handler	0	static
