D:/stm32Projects/gauge/Core/Src/stm32f7xx_hal_msp.c:66:6:HAL_MspInit	8	static
D:/stm32Projects/gauge/Core/Src/stm32f7xx_hal_msp.c:90:6:HAL_ADC_MspInit	48	static
D:/stm32Projects/gauge/Core/Src/stm32f7xx_hal_msp.c:150:6:HAL_ADC_MspDeInit	8	static
D:/stm32Projects/gauge/Core/Src/stm32f7xx_hal_msp.c:184:6:HAL_CRC_MspInit	8	static
D:/stm32Projects/gauge/Core/Src/stm32f7xx_hal_msp.c:206:6:HAL_CRC_MspDeInit	0	static
D:/stm32Projects/gauge/Core/Src/stm32f7xx_hal_msp.c:228:6:HAL_DMA2D_MspInit	16	static
D:/stm32Projects/gauge/Core/Src/stm32f7xx_hal_msp.c:253:6:HAL_DMA2D_MspDeInit	0	static
D:/stm32Projects/gauge/Core/Src/stm32f7xx_hal_msp.c:278:6:HAL_I2C_MspInit	168	static
D:/stm32Projects/gauge/Core/Src/stm32f7xx_hal_msp.c:324:6:HAL_I2C_MspDeInit	8	static
D:/stm32Projects/gauge/Core/Src/stm32f7xx_hal_msp.c:355:6:HAL_LTDC_MspInit	192	static
D:/stm32Projects/gauge/Core/Src/stm32f7xx_hal_msp.c:472:6:HAL_LTDC_MspDeInit	8	static
D:/stm32Projects/gauge/Core/Src/stm32f7xx_hal_msp.c:541:6:HAL_QSPI_MspInit	64	static
D:/stm32Projects/gauge/Core/Src/stm32f7xx_hal_msp.c:604:6:HAL_QSPI_MspDeInit	8	static
D:/stm32Projects/gauge/Core/Src/stm32f7xx_hal_msp.c:641:6:HAL_TIM_Base_MspInit	16	static
D:/stm32Projects/gauge/Core/Src/stm32f7xx_hal_msp.c:677:6:HAL_TIM_Base_MspDeInit	0	static
D:/stm32Projects/gauge/Core/Src/stm32f7xx_hal_msp.c:815:6:HAL_SDRAM_MspInit	48	static
D:/stm32Projects/gauge/Core/Src/stm32f7xx_hal_msp.c:901:6:HAL_SDRAM_MspDeInit	8	static
